
 RUN  v4.1.7 /home/pawan/vscodeagent/Solution

 ❯ tests/sprint38-smoke.test.js (0 test)
 ❯ tests/sprint24-smoke.test.js (0 test)
 ❯ tests/sprint23-smoke.test.js (0 test)
 ❯ tests/sprint28-smoke.test.js (0 test)
 ❯ tests/sprint-validation.test.js (0 test)
 ❯ tests/sprint26-smoke.test.js (0 test)
 ❯ tests/sprint33-smoke.test.js (0 test)
 ❯ tests/sprint22-smoke.test.js (0 test)
 ❯ tests/sprint18-smoke.test.js (0 test)
 ❯ tests/sprint27-smoke.test.js (0 test)
 ❯ tests/sprint21-smoke.test.js (0 test)
 ❯ tests/sprint32-smoke.test.js (0 test)
 ❯ tests/sprint19-smoke.test.js (0 test)
 ❯ tests/sprint35-smoke.test.js (0 test)
 ❯ tests/sprint30-smoke.test.js (0 test)
 ❯ tests/sprint31-smoke.test.js (0 test)
 ❯ tests/sprint29-smoke.test.js (0 test)
 ❯ tests/sprint25-smoke.test.js (0 test)
 ❯ tests/sprint36-smoke.test.js (0 test)
 ❯ tests/sprint37-smoke.test.js (0 test)
 ❯ tests/sprint20-smoke.test.js (0 test)
 ❯ tests/sprint34-smoke.test.js (0 test)
 ❯ tests/sprint39-smoke.test.js (0 test)
 ❯ tests/sprint40-smoke.test.js (0 test)
 ❯ tests/sprint41-smoke.test.js (0 test)
 ❯ tests/sprint42-smoke.test.js (0 test)
 ❯ tests/sprint46-smoke.test.js (0 test)
 ❯ tests/sprint47-smoke.test.js (0 test)
 ❯ tests/sprint44-smoke.test.js (0 test)
 ❯ tests/sprint43-smoke.test.js (0 test)
 ❯ tests/sprint45-smoke.test.js (0 test)
 ❯ tests/sprint48-smoke.test.js (0 test)
 ❯ tests/sprint50-smoke.test.js (0 test)
 ❯ tests/sprint50-t2.test.js (0 test)
 ❯ tests/sprint50-t1.test.js (0 test)
 ❯ tests/sprint49-smoke.test.js (0 test)
 ❯ tests/sprint51-security-overview.test.js (0 test)
 ❯ tests/sprint53-smoke.test.js (0 test)
 ❯ tests/sprint51-smoke.test.js (0 test)
 ❯ tests/sprint52-smoke.test.js (0 test)
 ❯ tests/sprint52-bulk-triage.test.js (0 test)
 ❯ tests/sprint53-cross-surface.test.js (0 test)
 ❯ tests/sprint54-drift-history.test.js (0 test)
 ❯ tests/sprint55-reconciliation.test.js (0 test)
 ❯ tests/sprint56-human-tester-3.test.js (0 test)
 ❯ tests/sprint54-smoke.test.js (0 test)
 ❯ tests/sprint57-human-tester-4.test.js (0 test)
 ❯ tests/sprint62-coverage-config.test.js (0 test)
 ❯ tests/sprint58-human-tester-5.test.js (0 test)
 ❯ tests/sprint60-human-tester-7.test.js (0 test)
 ❯ tests/sprint59-human-tester-6.test.js (0 test)
 ❯ tests/sprint62-reporting-language.test.js (0 test)
 ❯ tests/sprint62-clean-tree-guard.test.js (0 test)
 ❯ tests/sprint61-human-tester-8.test.js (0 test)
 ❯ tests/sprint62-sonar-wiring.test.js (0 test)
 ❯ tests/sprint63-release-readiness.test.js (0 test)
{"ts":"2026-06-16T21:43:05.351Z","level":"info","module":"browser-bridge","msg":"browser.rotatorPath.resolve","process.env.HOME":"/tmp/browser-bridge-test-baCSGz","os.homedir()":"/tmp/browser-bridge-test-baCSGz","resolved":"/tmp/browser-bridge-test-baCSGz","result":"/tmp/browser-bridge-test-baCSGz/.vscode-rotator/browser-profiles","stack":"at browserProfilesDir (/home/pawan/vscodeagent/Solution/src/browser-bridge.js:63:10)"}
{"ts":"2026-06-16T21:43:05.356Z","level":"info","module":"browser-bridge","msg":"browser.rotatorPath.resolve","process.env.HOME":"/tmp/browser-bridge-test-baCSGz","os.homedir()":"/tmp/browser-bridge-test-baCSGz","resolved":"/tmp/browser-bridge-test-baCSGz","result":"/tmp/browser-bridge-test-baCSGz/.vscode-rotator/browser-responses","stack":"at browserResponsesDir (/home/pawan/vscodeagent/Solution/src/browser-bridge.js:67:10)"}
{"ts":"2026-06-16T21:43:05.361Z","level":"info","module":"browser-bridge","msg":"browser.rotatorPath.resolve","process.env.HOME":"/tmp/browser-bridge-test-vzDHvv","os.homedir()":"/tmp/browser-bridge-test-vzDHvv","resolved":"/tmp/browser-bridge-test-vzDHvv","result":"/tmp/browser-bridge-test-vzDHvv/.vscode-rotator/prompt-library.json","stack":"at promptLibraryPath (/home/pawan/vscodeagent/Solution/src/browser-bridge.js:224:10)"}
{"ts":"2026-06-16T21:43:05.363Z","level":"info","module":"browser-bridge","msg":"browser.rotatorPath.resolve","process.env.HOME":"/tmp/browser-bridge-test-gL23T6","os.homedir()":"/tmp/browser-bridge-test-gL23T6","resolved":"/tmp/browser-bridge-test-gL23T6","result":"/tmp/browser-bridge-test-gL23T6/.vscode-rotator/prompt-library.json","stack":"at promptLibraryPath (/home/pawan/vscodeagent/Solution/src/browser-bridge.js:224:10)"}
{"ts":"2026-06-16T21:43:05.365Z","level":"info","module":"browser-bridge","msg":"browser.rotatorPath.resolve","process.env.HOME":"/tmp/browser-bridge-test-gL23T6","os.homedir()":"/tmp/browser-bridge-test-gL23T6","resolved":"/tmp/browser-bridge-test-gL23T6","result":"/tmp/browser-bridge-test-gL23T6/.vscode-rotator/prompt-library.json","stack":"at promptLibraryPath (/home/pawan/vscodeagent/Solution/src/browser-bridge.js:224:10)"}
{"ts":"2026-06-16T21:43:05.380Z","level":"info","module":"browser-bridge","msg":"browser.rotatorPath.resolve","process.env.HOME":"/tmp/browser-bridge-test-ebuKAZ","os.homedir()":"/tmp/browser-bridge-test-ebuKAZ","resolved":"/tmp/browser-bridge-test-ebuKAZ","result":"/tmp/browser-bridge-test-ebuKAZ/.vscode-rotator/prompt-library.json","stack":"at promptLibraryPath (/home/pawan/vscodeagent/Solution/src/browser-bridge.js:224:10)"}
{"ts":"2026-06-16T21:43:05.381Z","level":"info","module":"browser-bridge","msg":"browser.rotatorPath.resolve","process.env.HOME":"/tmp/browser-bridge-test-ebuKAZ","os.homedir()":"/tmp/browser-bridge-test-ebuKAZ","resolved":"/tmp/browser-bridge-test-ebuKAZ","result":"/tmp/browser-bridge-test-ebuKAZ/.vscode-rotator/prompt-library.json","stack":"at promptLibraryPath (/home/pawan/vscodeagent/Solution/src/browser-bridge.js:224:10)"}
{"ts":"2026-06-16T21:43:05.382Z","level":"info","module":"browser-bridge","msg":"browser.rotatorPath.resolve","process.env.HOME":"/tmp/browser-bridge-test-ebuKAZ","os.homedir()":"/tmp/browser-bridge-test-ebuKAZ","resolved":"/tmp/browser-bridge-test-ebuKAZ","result":"/tmp/browser-bridge-test-ebuKAZ/.vscode-rotator/prompt-library.json","stack":"at promptLibraryPath (/home/pawan/vscodeagent/Solution/src/browser-bridge.js:224:10)"}
{"ts":"2026-06-16T21:43:05.386Z","level":"info","module":"browser-bridge","msg":"browser.rotatorPath.resolve","process.env.HOME":"/tmp/browser-bridge-test-ZxJP8W","os.homedir()":"/tmp/browser-bridge-test-ZxJP8W","resolved":"/tmp/browser-bridge-test-ZxJP8W","result":"/tmp/browser-bridge-test-ZxJP8W/.vscode-rotator/prompt-library.json","stack":"at promptLibraryPath (/home/pawan/vscodeagent/Solution/src/browser-bridge.js:224:10)"}
{"ts":"2026-06-16T21:43:05.387Z","level":"info","module":"browser-bridge","msg":"browser.rotatorPath.resolve","process.env.HOME":"/tmp/browser-bridge-test-ZxJP8W","os.homedir()":"/tmp/browser-bridge-test-ZxJP8W","resolved":"/tmp/browser-bridge-test-ZxJP8W","result":"/tmp/browser-bridge-test-ZxJP8W/.vscode-rotator/prompt-library.json","stack":"at promptLibraryPath (/home/pawan/vscodeagent/Solution/src/browser-bridge.js:224:10)"}
{"ts":"2026-06-16T21:43:05.388Z","level":"info","module":"browser-bridge","msg":"browser.rotatorPath.resolve","process.env.HOME":"/tmp/browser-bridge-test-ZxJP8W","os.homedir()":"/tmp/browser-bridge-test-ZxJP8W","resolved":"/tmp/browser-bridge-test-ZxJP8W","result":"/tmp/browser-bridge-test-ZxJP8W/.vscode-rotator/prompt-library.json","stack":"at promptLibraryPath (/home/pawan/vscodeagent/Solution/src/browser-bridge.js:224:10)"}
{"ts":"2026-06-16T21:43:05.389Z","level":"info","module":"browser-bridge","msg":"browser.rotatorPath.resolve","process.env.HOME":"/tmp/browser-bridge-test-ZxJP8W","os.homedir()":"/tmp/browser-bridge-test-ZxJP8W","resolved":"/tmp/browser-bridge-test-ZxJP8W","result":"/tmp/browser-bridge-test-ZxJP8W/.vscode-rotator/prompt-library.json","stack":"at promptLibraryPath (/home/pawan/vscodeagent/Solution/src/browser-bridge.js:224:10)"}
{"ts":"2026-06-16T21:43:05.392Z","level":"info","module":"browser-bridge","msg":"browser.rotatorPath.resolve","process.env.HOME":"/tmp/browser-bridge-test-9XmiMO","os.homedir()":"/tmp/browser-bridge-test-9XmiMO","resolved":"/tmp/browser-bridge-test-9XmiMO","result":"/tmp/browser-bridge-test-9XmiMO/.vscode-rotator/prompt-library.json","stack":"at promptLibraryPath (/home/pawan/vscodeagent/Solution/src/browser-bridge.js:224:10)"}
{"ts":"2026-06-16T21:43:05.393Z","level":"info","module":"browser-bridge","msg":"browser.rotatorPath.resolve","process.env.HOME":"/tmp/browser-bridge-test-9XmiMO","os.homedir()":"/tmp/browser-bridge-test-9XmiMO","resolved":"/tmp/browser-bridge-test-9XmiMO","result":"/tmp/browser-bridge-test-9XmiMO/.vscode-rotator/prompt-library.json","stack":"at promptLibraryPath (/home/pawan/vscodeagent/Solution/src/browser-bridge.js:224:10)"}
{"ts":"2026-06-16T21:43:05.394Z","level":"info","module":"browser-bridge","msg":"browser.rotatorPath.resolve","process.env.HOME":"/tmp/browser-bridge-test-9XmiMO","os.homedir()":"/tmp/browser-bridge-test-9XmiMO","resolved":"/tmp/browser-bridge-test-9XmiMO","result":"/tmp/browser-bridge-test-9XmiMO/.vscode-rotator/prompt-library.json","stack":"at promptLibraryPath (/home/pawan/vscodeagent/Solution/src/browser-bridge.js:224:10)"}
{"ts":"2026-06-16T21:43:05.395Z","level":"info","module":"browser-bridge","msg":"browser.rotatorPath.resolve","process.env.HOME":"/tmp/browser-bridge-test-9XmiMO","os.homedir()":"/tmp/browser-bridge-test-9XmiMO","resolved":"/tmp/browser-bridge-test-9XmiMO","result":"/tmp/browser-bridge-test-9XmiMO/.vscode-rotator/prompt-library.json","stack":"at promptLibraryPath (/home/pawan/vscodeagent/Solution/src/browser-bridge.js:224:10)"}
{"ts":"2026-06-16T21:43:05.396Z","level":"info","module":"browser-bridge","msg":"browser.rotatorPath.resolve","process.env.HOME":"/tmp/browser-bridge-test-9XmiMO","os.homedir()":"/tmp/browser-bridge-test-9XmiMO","resolved":"/tmp/browser-bridge-test-9XmiMO","result":"/tmp/browser-bridge-test-9XmiMO/.vscode-rotator/prompt-library.json","stack":"at promptLibraryPath (/home/pawan/vscodeagent/Solution/src/browser-bridge.js:224:10)"}
{"ts":"2026-06-16T21:43:05.400Z","level":"info","module":"browser-bridge","msg":"browser.rotatorPath.resolve","process.env.HOME":"/tmp/browser-bridge-test-TV55aU","os.homedir()":"/tmp/browser-bridge-test-TV55aU","resolved":"/tmp/browser-bridge-test-TV55aU","result":"/tmp/browser-bridge-test-TV55aU/.vscode-rotator/prompt-library.json","stack":"at promptLibraryPath (/home/pawan/vscodeagent/Solution/src/browser-bridge.js:224:10)"}
{"ts":"2026-06-16T21:43:05.401Z","level":"info","module":"browser-bridge","msg":"browser.rotatorPath.resolve","process.env.HOME":"/tmp/browser-bridge-test-TV55aU","os.homedir()":"/tmp/browser-bridge-test-TV55aU","resolved":"/tmp/browser-bridge-test-TV55aU","result":"/tmp/browser-bridge-test-TV55aU/.vscode-rotator/prompt-library.json","stack":"at promptLibraryPath (/home/pawan/vscodeagent/Solution/src/browser-bridge.js:224:10)"}
{"ts":"2026-06-16T21:43:05.401Z","level":"info","module":"browser-bridge","msg":"browser.rotatorPath.resolve","process.env.HOME":"/tmp/browser-bridge-test-TV55aU","os.homedir()":"/tmp/browser-bridge-test-TV55aU","resolved":"/tmp/browser-bridge-test-TV55aU","result":"/tmp/browser-bridge-test-TV55aU/.vscode-rotator/prompt-library.json","stack":"at promptLibraryPath (/home/pawan/vscodeagent/Solution/src/browser-bridge.js:224:10)"}
{"ts":"2026-06-16T21:43:05.402Z","level":"info","module":"browser-bridge","msg":"browser.rotatorPath.resolve","process.env.HOME":"/tmp/browser-bridge-test-TV55aU","os.homedir()":"/tmp/browser-bridge-test-TV55aU","resolved":"/tmp/browser-bridge-test-TV55aU","result":"/tmp/browser-bridge-test-TV55aU/.vscode-rotator/prompt-library.json","stack":"at promptLibraryPath (/home/pawan/vscodeagent/Solution/src/browser-bridge.js:224:10)"}
{"ts":"2026-06-16T21:43:05.403Z","level":"info","module":"browser-bridge","msg":"browser.rotatorPath.resolve","process.env.HOME":"/tmp/browser-bridge-test-TV55aU","os.homedir()":"/tmp/browser-bridge-test-TV55aU","resolved":"/tmp/browser-bridge-test-TV55aU","result":"/tmp/browser-bridge-test-TV55aU/.vscode-rotator/prompt-library.json","stack":"at promptLibraryPath (/home/pawan/vscodeagent/Solution/src/browser-bridge.js:224:10)"}
{"ts":"2026-06-16T21:43:05.407Z","level":"info","module":"browser-bridge","msg":"browser.rotatorPath.resolve","process.env.HOME":"/tmp/browser-bridge-test-s9f46x","os.homedir()":"/tmp/browser-bridge-test-s9f46x","resolved":"/tmp/browser-bridge-test-s9f46x","result":"/tmp/browser-bridge-test-s9f46x/.vscode-rotator/prompt-library.json","stack":"at promptLibraryPath (/home/pawan/vscodeagent/Solution/src/browser-bridge.js:224:10)"}
{"ts":"2026-06-16T21:43:05.409Z","level":"info","module":"browser-bridge","msg":"browser.rotatorPath.resolve","process.env.HOME":"/tmp/browser-bridge-test-vZFcoo","os.homedir()":"/tmp/browser-bridge-test-vZFcoo","resolved":"/tmp/browser-bridge-test-vZFcoo","result":"/tmp/browser-bridge-test-vZFcoo/.vscode-rotator/prompt-library.json","stack":"at promptLibraryPath (/home/pawan/vscodeagent/Solution/src/browser-bridge.js:224:10)"}
{"ts":"2026-06-16T21:43:05.411Z","level":"info","module":"browser-bridge","msg":"browser.rotatorPath.resolve","process.env.HOME":"/tmp/browser-bridge-test-KdCK1h","os.homedir()":"/tmp/browser-bridge-test-KdCK1h","resolved":"/tmp/browser-bridge-test-KdCK1h","result":"/tmp/browser-bridge-test-KdCK1h/.vscode-rotator/prompt-library.json","stack":"at promptLibraryPath (/home/pawan/vscodeagent/Solution/src/browser-bridge.js:224:10)"}
{"ts":"2026-06-16T21:43:05.411Z","level":"info","module":"browser-bridge","msg":"browser.rotatorPath.resolve","process.env.HOME":"/tmp/browser-bridge-test-KdCK1h","os.homedir()":"/tmp/browser-bridge-test-KdCK1h","resolved":"/tmp/browser-bridge-test-KdCK1h","result":"/tmp/browser-bridge-test-KdCK1h/.vscode-rotator/prompt-library.json","stack":"at promptLibraryPath (/home/pawan/vscodeagent/Solution/src/browser-bridge.js:224:10)"}
{"ts":"2026-06-16T21:43:05.412Z","level":"info","module":"browser-bridge","msg":"browser.rotatorPath.resolve","process.env.HOME":"/tmp/browser-bridge-test-KdCK1h","os.homedir()":"/tmp/browser-bridge-test-KdCK1h","resolved":"/tmp/browser-bridge-test-KdCK1h","result":"/tmp/browser-bridge-test-KdCK1h/.vscode-rotator/prompt-library.json","stack":"at promptLibraryPath (/home/pawan/vscodeagent/Solution/src/browser-bridge.js:224:10)"}
{"ts":"2026-06-16T21:43:05.415Z","level":"info","module":"browser-bridge","msg":"browser.rotatorPath.resolve","process.env.HOME":"/tmp/browser-bridge-test-hwXAIH","os.homedir()":"/tmp/browser-bridge-test-hwXAIH","resolved":"/tmp/browser-bridge-test-hwXAIH","result":"/tmp/browser-bridge-test-hwXAIH/.vscode-rotator/prompt-library.json","stack":"at promptLibraryPath (/home/pawan/vscodeagent/Solution/src/browser-bridge.js:224:10)"}
{"ts":"2026-06-16T21:43:05.415Z","level":"info","module":"browser-bridge","msg":"browser.rotatorPath.resolve","process.env.HOME":"/tmp/browser-bridge-test-hwXAIH","os.homedir()":"/tmp/browser-bridge-test-hwXAIH","resolved":"/tmp/browser-bridge-test-hwXAIH","result":"/tmp/browser-bridge-test-hwXAIH/.vscode-rotator/prompt-library.json","stack":"at promptLibraryPath (/home/pawan/vscodeagent/Solution/src/browser-bridge.js:224:10)"}
{"ts":"2026-06-16T21:43:05.416Z","level":"info","module":"browser-bridge","msg":"browser.rotatorPath.resolve","process.env.HOME":"/tmp/browser-bridge-test-hwXAIH","os.homedir()":"/tmp/browser-bridge-test-hwXAIH","resolved":"/tmp/browser-bridge-test-hwXAIH","result":"/tmp/browser-bridge-test-hwXAIH/.vscode-rotator/prompt-library.json","stack":"at promptLibraryPath (/home/pawan/vscodeagent/Solution/src/browser-bridge.js:224:10)"}
{"ts":"2026-06-16T21:43:05.417Z","level":"info","module":"browser-bridge","msg":"browser.rotatorPath.resolve","process.env.HOME":"/tmp/browser-bridge-test-hwXAIH","os.homedir()":"/tmp/browser-bridge-test-hwXAIH","resolved":"/tmp/browser-bridge-test-hwXAIH","result":"/tmp/browser-bridge-test-hwXAIH/.vscode-rotator/prompt-library.json","stack":"at promptLibraryPath (/home/pawan/vscodeagent/Solution/src/browser-bridge.js:224:10)"}
{"ts":"2026-06-16T21:43:05.420Z","level":"info","module":"browser-bridge","msg":"browser.rotatorPath.resolve","process.env.HOME":"/tmp/browser-bridge-test-JittxH","os.homedir()":"/tmp/browser-bridge-test-JittxH","resolved":"/tmp/browser-bridge-test-JittxH","result":"/tmp/browser-bridge-test-JittxH/.vscode-rotator/browser-profiles","stack":"at browserProfilesDir (/home/pawan/vscodeagent/Solution/src/browser-bridge.js:63:10)"}
{"ts":"2026-06-16T21:43:05.422Z","level":"info","module":"browser-bridge","msg":"browser.rotatorPath.resolve","process.env.HOME":"/tmp/browser-bridge-test-JittxH","os.homedir()":"/tmp/browser-bridge-test-JittxH","resolved":"/tmp/browser-bridge-test-JittxH","result":"/tmp/browser-bridge-test-JittxH/.vscode-rotator/browser-responses","stack":"at browserResponsesDir (/home/pawan/vscodeagent/Solution/src/browser-bridge.js:67:10)"}
{"ts":"2026-06-16T21:43:05.422Z","level":"info","module":"browser-bridge","msg":"browser.rotatorPath.resolve","process.env.HOME":"/tmp/browser-bridge-test-JittxH","os.homedir()":"/tmp/browser-bridge-test-JittxH","resolved":"/tmp/browser-bridge-test-JittxH","result":"/tmp/browser-bridge-test-JittxH/.vscode-rotator/browser-responses","stack":"at browserResponsesDir (/home/pawan/vscodeagent/Solution/src/browser-bridge.js:67:10)"}
{"ts":"2026-06-16T21:43:05.433Z","level":"info","module":"browser-bridge","msg":"browser.rotatorPath.resolve","process.env.HOME":"/tmp/browser-bridge-test-VRxxBe","os.homedir()":"/tmp/browser-bridge-test-VRxxBe","resolved":"/tmp/browser-bridge-test-VRxxBe","result":"/tmp/browser-bridge-test-VRxxBe/.vscode-rotator/browser-profiles","stack":"at browserProfilesDir (/home/pawan/vscodeagent/Solution/src/browser-bridge.js:63:10)"}
{"ts":"2026-06-16T21:43:05.433Z","level":"info","module":"browser-bridge","msg":"browser.rotatorPath.resolve","process.env.HOME":"/tmp/browser-bridge-test-VRxxBe","os.homedir()":"/tmp/browser-bridge-test-VRxxBe","resolved":"/tmp/browser-bridge-test-VRxxBe","result":"/tmp/browser-bridge-test-VRxxBe/.vscode-rotator/browser-responses","stack":"at browserResponsesDir (/home/pawan/vscodeagent/Solution/src/browser-bridge.js:67:10)"}
{"ts":"2026-06-16T21:43:05.434Z","level":"info","module":"browser-bridge","msg":"browser.rotatorPath.resolve","process.env.HOME":"/tmp/browser-bridge-test-VRxxBe","os.homedir()":"/tmp/browser-bridge-test-VRxxBe","resolved":"/tmp/browser-bridge-test-VRxxBe","result":"/tmp/browser-bridge-test-VRxxBe/.vscode-rotator/browser-responses","stack":"at browserResponsesDir (/home/pawan/vscodeagent/Solution/src/browser-bridge.js:67:10)"}
{"ts":"2026-06-16T21:43:05.440Z","level":"info","module":"browser-bridge","msg":"browser.rotatorPath.resolve","process.env.HOME":"/tmp/browser-bridge-test-qAOhlI","os.homedir()":"/tmp/browser-bridge-test-qAOhlI","resolved":"/tmp/browser-bridge-test-qAOhlI","result":"/tmp/browser-bridge-test-qAOhlI/.vscode-rotator/browser-profiles","stack":"at browserProfilesDir (/home/pawan/vscodeagent/Solution/src/browser-bridge.js:63:10)"}
{"ts":"2026-06-16T21:43:05.441Z","level":"info","module":"browser-bridge","msg":"browser.rotatorPath.resolve","process.env.HOME":"/tmp/browser-bridge-test-qAOhlI","os.homedir()":"/tmp/browser-bridge-test-qAOhlI","resolved":"/tmp/browser-bridge-test-qAOhlI","result":"/tmp/browser-bridge-test-qAOhlI/.vscode-rotator/browser-responses","stack":"at browserResponsesDir (/home/pawan/vscodeagent/Solution/src/browser-bridge.js:67:10)"}
{"ts":"2026-06-16T21:43:05.445Z","level":"info","module":"browser-bridge","msg":"browser.sendPrompt.start","correlationId":"chatgpt:1781646185445","platform":"chatgpt","browserType":"chromium","headless":true,"timeout":30000}
{"ts":"2026-06-16T21:43:05.469Z","level":"info","module":"browser-bridge","msg":"browser.rotatorPath.resolve","process.env.HOME":"/tmp/browser-bridge-test-qAOhlI","os.homedir()":"/tmp/browser-bridge-test-qAOhlI","resolved":"/tmp/browser-bridge-test-qAOhlI","result":"/tmp/browser-bridge-test-qAOhlI/.vscode-rotator/browser-profiles","stack":"at browserProfilesDir (/home/pawan/vscodeagent/Solution/src/browser-bridge.js:63:10)"}
{"ts":"2026-06-16T21:43:05.470Z","level":"info","module":"browser-bridge","msg":"browser.rotatorPath.resolve","process.env.HOME":"/tmp/browser-bridge-test-qAOhlI","os.homedir()":"/tmp/browser-bridge-test-qAOhlI","resolved":"/tmp/browser-bridge-test-qAOhlI","result":"/tmp/browser-bridge-test-qAOhlI/.vscode-rotator/browser-responses","stack":"at browserResponsesDir (/home/pawan/vscodeagent/Solution/src/browser-bridge.js:67:10)"}
{"ts":"2026-06-16T21:43:05.483Z","level":"info","module":"browser-bridge","msg":"browser.ingest.start","correlationId":"/tmp/browser-bridge-test-qAOhlI/.vscode-rotator/browser-responses/2026-06-17T03-13-05-chatgpt.md","responsePath":"/tmp/browser-bridge-test-qAOhlI/.vscode-rotator/browser-responses/2026-06-17T03-13-05-chatgpt.md"}
{"ts":"2026-06-16T21:43:05.499Z","level":"info","module":"browser-bridge","msg":"browser.ingest.success","correlationId":"/tmp/browser-bridge-test-qAOhlI/.vscode-rotator/browser-responses/2026-06-17T03-13-05-chatgpt.md","responsePath":"/tmp/browser-bridge-test-qAOhlI/.vscode-rotator/browser-responses/2026-06-17T03-13-05-chatgpt.md","filename":"2026-06-17T03-13-05-chatgpt.md","chunks":1,"skipped":false}
{"ts":"2026-06-16T21:43:05.500Z","level":"info","module":"browser-bridge","msg":"browser.rotatorPath.resolve","process.env.HOME":"/tmp/browser-bridge-test-qAOhlI","os.homedir()":"/tmp/browser-bridge-test-qAOhlI","resolved":"/tmp/browser-bridge-test-qAOhlI","result":"/tmp/browser-bridge-test-qAOhlI/.vscode-rotator/platform-last-send.json","stack":"at platformLastSendPath (/home/pawan/vscodeagent/Solution/src/browser-bridge.js:228:10)"}
{"ts":"2026-06-16T21:43:05.504Z","level":"info","module":"browser-bridge","msg":"browser.rotatorPath.resolve","process.env.HOME":"/tmp/browser-bridge-test-qAOhlI","os.homedir()":"/tmp/browser-bridge-test-qAOhlI","resolved":"/tmp/browser-bridge-test-qAOhlI","result":"/tmp/browser-bridge-test-qAOhlI/.vscode-rotator/platform-last-send.json","stack":"at platformLastSendPath (/home/pawan/vscodeagent/Solution/src/browser-bridge.js:228:10)"}
{"ts":"2026-06-16T21:43:05.504Z","level":"info","module":"browser-bridge","msg":"browser.sendPrompt.success","correlationId":"chatgpt:1781646185445","platform":"chatgpt","responsePath":"/tmp/browser-bridge-test-qAOhlI/.vscode-rotator/browser-responses/2026-06-17T03-13-05-chatgpt.md","timestamp":"2026-06-17T03-13-05"}
{"ts":"2026-06-16T21:43:05.509Z","level":"info","module":"browser-bridge","msg":"browser.rotatorPath.resolve","process.env.HOME":"/tmp/browser-bridge-test-dC8VXG","os.homedir()":"/tmp/browser-bridge-test-dC8VXG","resolved":"/tmp/browser-bridge-test-dC8VXG","result":"/tmp/browser-bridge-test-dC8VXG/.vscode-rotator/browser-profiles","stack":"at browserProfilesDir (/home/pawan/vscodeagent/Solution/src/browser-bridge.js:63:10)"}
{"ts":"2026-06-16T21:43:05.511Z","level":"info","module":"browser-bridge","msg":"browser.rotatorPath.resolve","process.env.HOME":"/tmp/browser-bridge-test-dC8VXG","os.homedir()":"/tmp/browser-bridge-test-dC8VXG","resolved":"/tmp/browser-bridge-test-dC8VXG","result":"/tmp/browser-bridge-test-dC8VXG/.vscode-rotator/browser-responses","stack":"at browserResponsesDir (/home/pawan/vscodeagent/Solution/src/browser-bridge.js:67:10)"}
{"ts":"2026-06-16T21:43:05.511Z","level":"info","module":"browser-bridge","msg":"browser.rotatorPath.resolve","process.env.HOME":"/tmp/browser-bridge-test-dC8VXG","os.homedir()":"/tmp/browser-bridge-test-dC8VXG","resolved":"/tmp/browser-bridge-test-dC8VXG","result":"/tmp/browser-bridge-test-dC8VXG/.vscode-rotator/browser-responses","stack":"at browserResponsesDir (/home/pawan/vscodeagent/Solution/src/browser-bridge.js:67:10)"}
{"ts":"2026-06-16T21:43:05.514Z","level":"info","module":"browser-bridge","msg":"browser.rotatorPath.resolve","process.env.HOME":"/tmp/browser-bridge-test-JqElaW","os.homedir()":"/tmp/browser-bridge-test-JqElaW","resolved":"/tmp/browser-bridge-test-JqElaW","result":"/tmp/browser-bridge-test-JqElaW/.vscode-rotator/browser-profiles","stack":"at browserProfilesDir (/home/pawan/vscodeagent/Solution/src/browser-bridge.js:63:10)"}
{"ts":"2026-06-16T21:43:05.514Z","level":"info","module":"browser-bridge","msg":"browser.rotatorPath.resolve","process.env.HOME":"/tmp/browser-bridge-test-JqElaW","os.homedir()":"/tmp/browser-bridge-test-JqElaW","resolved":"/tmp/browser-bridge-test-JqElaW","result":"/tmp/browser-bridge-test-JqElaW/.vscode-rotator/browser-responses","stack":"at browserResponsesDir (/home/pawan/vscodeagent/Solution/src/browser-bridge.js:67:10)"}
{"ts":"2026-06-16T21:43:05.516Z","level":"info","module":"browser-bridge","msg":"browser.rotatorPath.resolve","process.env.HOME":"/tmp/browser-bridge-test-JqElaW","os.homedir()":"/tmp/browser-bridge-test-JqElaW","resolved":"/tmp/browser-bridge-test-JqElaW","result":"/tmp/browser-bridge-test-JqElaW/.vscode-rotator/browser-responses","stack":"at browserResponsesDir (/home/pawan/vscodeagent/Solution/src/browser-bridge.js:67:10)"}
{"ts":"2026-06-16T21:43:05.524Z","level":"info","module":"browser-bridge","msg":"browser.rotatorPath.resolve","process.env.HOME":"/tmp/browser-bridge-test-1NEZhz","os.homedir()":"/tmp/browser-bridge-test-1NEZhz","resolved":"/tmp/browser-bridge-test-1NEZhz","result":"/tmp/browser-bridge-test-1NEZhz/.vscode-rotator/browser-profiles","stack":"at browserProfilesDir (/home/pawan/vscodeagent/Solution/src/browser-bridge.js:63:10)"}
{"ts":"2026-06-16T21:43:05.525Z","level":"info","module":"browser-bridge","msg":"browser.rotatorPath.resolve","process.env.HOME":"/tmp/browser-bridge-test-1NEZhz","os.homedir()":"/tmp/browser-bridge-test-1NEZhz","resolved":"/tmp/browser-bridge-test-1NEZhz","result":"/tmp/browser-bridge-test-1NEZhz/.vscode-rotator/browser-responses","stack":"at browserResponsesDir (/home/pawan/vscodeagent/Solution/src/browser-bridge.js:67:10)"}
{"ts":"2026-06-16T21:43:05.525Z","level":"info","module":"browser-bridge","msg":"browser.rotatorPath.resolve","process.env.HOME":"/tmp/browser-bridge-test-1NEZhz","os.homedir()":"/tmp/browser-bridge-test-1NEZhz","resolved":"/tmp/browser-bridge-test-1NEZhz","result":"/tmp/browser-bridge-test-1NEZhz/.vscode-rotator/platform-last-send.json","stack":"at platformLastSendPath (/home/pawan/vscodeagent/Solution/src/browser-bridge.js:228:10)"}
{"ts":"2026-06-16T21:43:05.525Z","level":"info","module":"browser-bridge","msg":"browser.sendPrompt.start","correlationId":"chatgpt:1781646185525","platform":"chatgpt","browserType":"chromium","headless":true,"timeout":30000}
{"ts":"2026-06-16T21:43:05.528Z","level":"info","module":"browser-bridge","msg":"browser.rotatorPath.resolve","process.env.HOME":"/tmp/browser-bridge-test-1NEZhz","os.homedir()":"/tmp/browser-bridge-test-1NEZhz","resolved":"/tmp/browser-bridge-test-1NEZhz","result":"/tmp/browser-bridge-test-1NEZhz/.vscode-rotator/browser-profiles","stack":"at browserProfilesDir (/home/pawan/vscodeagent/Solution/src/browser-bridge.js:63:10)"}
{"ts":"2026-06-16T21:43:05.528Z","level":"info","module":"browser-bridge","msg":"browser.rotatorPath.resolve","process.env.HOME":"/tmp/browser-bridge-test-1NEZhz","os.homedir()":"/tmp/browser-bridge-test-1NEZhz","resolved":"/tmp/browser-bridge-test-1NEZhz","result":"/tmp/browser-bridge-test-1NEZhz/.vscode-rotator/browser-responses","stack":"at browserResponsesDir (/home/pawan/vscodeagent/Solution/src/browser-bridge.js:67:10)"}
{"ts":"2026-06-16T21:43:05.535Z","level":"info","module":"browser-bridge","msg":"browser.ingest.start","correlationId":"/tmp/browser-bridge-test-1NEZhz/.vscode-rotator/browser-responses/2026-06-17T03-13-05-chatgpt.md","responsePath":"/tmp/browser-bridge-test-1NEZhz/.vscode-rotator/browser-responses/2026-06-17T03-13-05-chatgpt.md"}
{"ts":"2026-06-16T21:43:05.544Z","level":"info","module":"browser-bridge","msg":"browser.ingest.success","correlationId":"/tmp/browser-bridge-test-1NEZhz/.vscode-rotator/browser-responses/2026-06-17T03-13-05-chatgpt.md","responsePath":"/tmp/browser-bridge-test-1NEZhz/.vscode-rotator/browser-responses/2026-06-17T03-13-05-chatgpt.md","filename":"2026-06-17T03-13-05-chatgpt.md","chunks":1,"skipped":false}
{"ts":"2026-06-16T21:43:05.544Z","level":"info","module":"browser-bridge","msg":"browser.rotatorPath.resolve","process.env.HOME":"/tmp/browser-bridge-test-1NEZhz","os.homedir()":"/tmp/browser-bridge-test-1NEZhz","resolved":"/tmp/browser-bridge-test-1NEZhz","result":"/tmp/browser-bridge-test-1NEZhz/.vscode-rotator/platform-last-send.json","stack":"at platformLastSendPath (/home/pawan/vscodeagent/Solution/src/browser-bridge.js:228:10)"}
{"ts":"2026-06-16T21:43:05.544Z","level":"info","module":"browser-bridge","msg":"browser.rotatorPath.resolve","process.env.HOME":"/tmp/browser-bridge-test-1NEZhz","os.homedir()":"/tmp/browser-bridge-test-1NEZhz","resolved":"/tmp/browser-bridge-test-1NEZhz","result":"/tmp/browser-bridge-test-1NEZhz/.vscode-rotator/platform-last-send.json","stack":"at platformLastSendPath (/home/pawan/vscodeagent/Solution/src/browser-bridge.js:228:10)"}
{"ts":"2026-06-16T21:43:05.544Z","level":"info","module":"browser-bridge","msg":"browser.sendPrompt.success","correlationId":"chatgpt:1781646185525","platform":"chatgpt","responsePath":"/tmp/browser-bridge-test-1NEZhz/.vscode-rotator/browser-responses/2026-06-17T03-13-05-chatgpt.md","timestamp":"2026-06-17T03-13-05"}
{"ts":"2026-06-16T21:43:05.545Z","level":"info","module":"browser-bridge","msg":"browser.rotatorPath.resolve","process.env.HOME":"/tmp/browser-bridge-test-1NEZhz","os.homedir()":"/tmp/browser-bridge-test-1NEZhz","resolved":"/tmp/browser-bridge-test-1NEZhz","result":"/tmp/browser-bridge-test-1NEZhz/.vscode-rotator/browser-responses","stack":"at browserResponsesDir (/home/pawan/vscodeagent/Solution/src/browser-bridge.js:67:10)"}
{"ts":"2026-06-16T21:43:05.549Z","level":"info","module":"browser-bridge","msg":"browser.rotatorPath.resolve","process.env.HOME":"/tmp/browser-bridge-test-dddGar","os.homedir()":"/tmp/browser-bridge-test-dddGar","resolved":"/tmp/browser-bridge-test-dddGar","result":"/tmp/browser-bridge-test-dddGar/.vscode-rotator/browser-profiles","stack":"at browserProfilesDir (/home/pawan/vscodeagent/Solution/src/browser-bridge.js:63:10)"}
{"ts":"2026-06-16T21:43:05.550Z","level":"info","module":"browser-bridge","msg":"browser.rotatorPath.resolve","process.env.HOME":"/tmp/browser-bridge-test-dddGar","os.homedir()":"/tmp/browser-bridge-test-dddGar","resolved":"/tmp/browser-bridge-test-dddGar","result":"/tmp/browser-bridge-test-dddGar/.vscode-rotator/browser-responses","stack":"at browserResponsesDir (/home/pawan/vscodeagent/Solution/src/browser-bridge.js:67:10)"}
{"ts":"2026-06-16T21:43:05.559Z","level":"info","module":"browser-bridge","msg":"browser.rotatorPath.resolve","process.env.HOME":"/tmp/browser-bridge-test-dddGar","os.homedir()":"/tmp/browser-bridge-test-dddGar","resolved":"/tmp/browser-bridge-test-dddGar","result":"/tmp/browser-bridge-test-dddGar/.vscode-rotator/browser-responses","stack":"at browserResponsesDir (/home/pawan/vscodeagent/Solution/src/browser-bridge.js:67:10)"}
{"ts":"2026-06-16T21:43:05.594Z","level":"info","module":"browser-bridge","msg":"browser.rotatorPath.resolve","process.env.HOME":"/tmp/browser-bridge-test-u0fwGg","os.homedir()":"/tmp/browser-bridge-test-u0fwGg","resolved":"/tmp/browser-bridge-test-u0fwGg","result":"/tmp/browser-bridge-test-u0fwGg/.vscode-rotator/browser-profiles","stack":"at browserProfilesDir (/home/pawan/vscodeagent/Solution/src/browser-bridge.js:63:10)"}
{"ts":"2026-06-16T21:43:05.595Z","level":"info","module":"browser-bridge","msg":"browser.rotatorPath.resolve","process.env.HOME":"/tmp/browser-bridge-test-u0fwGg","os.homedir()":"/tmp/browser-bridge-test-u0fwGg","resolved":"/tmp/browser-bridge-test-u0fwGg","result":"/tmp/browser-bridge-test-u0fwGg/.vscode-rotator/browser-responses","stack":"at browserResponsesDir (/home/pawan/vscodeagent/Solution/src/browser-bridge.js:67:10)"}
{"ts":"2026-06-16T21:43:05.607Z","level":"info","module":"browser-bridge","msg":"browser.rotatorPath.resolve","process.env.HOME":"/tmp/browser-bridge-test-8gnsfa","os.homedir()":"/tmp/browser-bridge-test-8gnsfa","resolved":"/tmp/browser-bridge-test-8gnsfa","result":"/tmp/browser-bridge-test-8gnsfa/.vscode-rotator/browser-profiles","stack":"at browserProfilesDir (/home/pawan/vscodeagent/Solution/src/browser-bridge.js:63:10)"}
{"ts":"2026-06-16T21:43:05.611Z","level":"info","module":"browser-bridge","msg":"browser.rotatorPath.resolve","process.env.HOME":"/tmp/browser-bridge-test-8gnsfa","os.homedir()":"/tmp/browser-bridge-test-8gnsfa","resolved":"/tmp/browser-bridge-test-8gnsfa","result":"/tmp/browser-bridge-test-8gnsfa/.vscode-rotator/browser-responses","stack":"at browserResponsesDir (/home/pawan/vscodeagent/Solution/src/browser-bridge.js:67:10)"}
{"ts":"2026-06-16T21:43:05.622Z","level":"info","module":"local-llm","msg":"llm.ingest.start","correlationId":"/tmp/local-llm-test-gAoR56/guide.md","targetPath":"/tmp/local-llm-test-gAoR56/guide.md"}
{"ts":"2026-06-16T21:43:05.627Z","level":"info","module":"browser-bridge","msg":"browser.rotatorPath.resolve","process.env.HOME":"/tmp/browser-bridge-test-y9LeI8","os.homedir()":"/tmp/browser-bridge-test-y9LeI8","resolved":"/tmp/browser-bridge-test-y9LeI8","result":"/tmp/browser-bridge-test-y9LeI8/.vscode-rotator/browser-profiles","stack":"at browserProfilesDir (/home/pawan/vscodeagent/Solution/src/browser-bridge.js:63:10)"}
{"ts":"2026-06-16T21:43:05.627Z","level":"info","module":"browser-bridge","msg":"browser.rotatorPath.resolve","process.env.HOME":"/tmp/browser-bridge-test-y9LeI8","os.homedir()":"/tmp/browser-bridge-test-y9LeI8","resolved":"/tmp/browser-bridge-test-y9LeI8","result":"/tmp/browser-bridge-test-y9LeI8/.vscode-rotator/browser-responses","stack":"at browserResponsesDir (/home/pawan/vscodeagent/Solution/src/browser-bridge.js:67:10)"}
{"ts":"2026-06-16T21:43:05.631Z","level":"info","module":"local-llm","msg":"llm.ingest.success","correlationId":"/tmp/local-llm-test-gAoR56/guide.md","actions":1}
{"ts":"2026-06-16T21:43:05.640Z","level":"info","module":"browser-bridge","msg":"browser.rotatorPath.resolve","process.env.HOME":"/tmp/browser-bridge-test-nlgI6y","os.homedir()":"/tmp/browser-bridge-test-nlgI6y","resolved":"/tmp/browser-bridge-test-nlgI6y","result":"/tmp/browser-bridge-test-nlgI6y/.vscode-rotator/browser-profiles","stack":"at browserProfilesDir (/home/pawan/vscodeagent/Solution/src/browser-bridge.js:63:10)"}
{"ts":"2026-06-16T21:43:05.641Z","level":"info","module":"browser-bridge","msg":"browser.rotatorPath.resolve","process.env.HOME":"/tmp/browser-bridge-test-nlgI6y","os.homedir()":"/tmp/browser-bridge-test-nlgI6y","resolved":"/tmp/browser-bridge-test-nlgI6y","result":"/tmp/browser-bridge-test-nlgI6y/.vscode-rotator/browser-responses","stack":"at browserResponsesDir (/home/pawan/vscodeagent/Solution/src/browser-bridge.js:67:10)"}
{"ts":"2026-06-16T21:43:05.646Z","level":"info","module":"browser-bridge","msg":"browser.rotatorPath.resolve","process.env.HOME":"/tmp/browser-bridge-test-Ogos1t","os.homedir()":"/tmp/browser-bridge-test-Ogos1t","resolved":"/tmp/browser-bridge-test-Ogos1t","result":"/tmp/browser-bridge-test-Ogos1t/.vscode-rotator/browser-profiles","stack":"at browserProfilesDir (/home/pawan/vscodeagent/Solution/src/browser-bridge.js:63:10)"}
{"ts":"2026-06-16T21:43:05.647Z","level":"info","module":"browser-bridge","msg":"browser.rotatorPath.resolve","process.env.HOME":"/tmp/browser-bridge-test-Ogos1t","os.homedir()":"/tmp/browser-bridge-test-Ogos1t","resolved":"/tmp/browser-bridge-test-Ogos1t","result":"/tmp/browser-bridge-test-Ogos1t/.vscode-rotator/browser-responses","stack":"at browserResponsesDir (/home/pawan/vscodeagent/Solution/src/browser-bridge.js:67:10)"}
{"ts":"2026-06-16T21:43:05.647Z","level":"info","module":"browser-bridge","msg":"browser.rotatorPath.resolve","process.env.HOME":"/tmp/browser-bridge-test-Ogos1t","os.homedir()":"/tmp/browser-bridge-test-Ogos1t","resolved":"/tmp/browser-bridge-test-Ogos1t","result":"/tmp/browser-bridge-test-Ogos1t/.vscode-rotator/browser-responses","stack":"at browserResponsesDir (/home/pawan/vscodeagent/Solution/src/browser-bridge.js:67:10)"}
{"ts":"2026-06-16T21:43:05.642Z","level":"info","module":"watcher","msg":"watcher.started","interval":10}
{"ts":"2026-06-16T21:43:05.649Z","level":"info","module":"browser-bridge","msg":"browser.rotatorPath.resolve","process.env.HOME":"/tmp/browser-bridge-test-LaCDbI","os.homedir()":"/tmp/browser-bridge-test-LaCDbI","resolved":"/tmp/browser-bridge-test-LaCDbI","result":"/tmp/browser-bridge-test-LaCDbI/.vscode-rotator/browser-profiles","stack":"at browserProfilesDir (/home/pawan/vscodeagent/Solution/src/browser-bridge.js:63:10)"}
{"ts":"2026-06-16T21:43:05.649Z","level":"info","module":"browser-bridge","msg":"browser.rotatorPath.resolve","process.env.HOME":"/tmp/browser-bridge-test-LaCDbI","os.homedir()":"/tmp/browser-bridge-test-LaCDbI","resolved":"/tmp/browser-bridge-test-LaCDbI","result":"/tmp/browser-bridge-test-LaCDbI/.vscode-rotator/browser-responses","stack":"at browserResponsesDir (/home/pawan/vscodeagent/Solution/src/browser-bridge.js:67:10)"}
{"ts":"2026-06-16T21:44:05.643Z","level":"info","module":"watcher","msg":"watcher.stopped"}
{"ts":"2026-06-16T21:43:05.657Z","level":"info","module":"browser-bridge","msg":"browser.rotatorPath.resolve","process.env.HOME":"/tmp/browser-bridge-test-JCM9Ol","os.homedir()":"/tmp/browser-bridge-test-JCM9Ol","resolved":"/tmp/browser-bridge-test-JCM9Ol","result":"/tmp/browser-bridge-test-JCM9Ol/.vscode-rotator/prompt-library.json","stack":"at promptLibraryPath (/home/pawan/vscodeagent/Solution/src/browser-bridge.js:224:10)"}
{"ts":"2026-06-16T21:43:05.658Z","level":"info","module":"browser-bridge","msg":"browser.rotatorPath.resolve","process.env.HOME":"/tmp/browser-bridge-test-JCM9Ol","os.homedir()":"/tmp/browser-bridge-test-JCM9Ol","resolved":"/tmp/browser-bridge-test-JCM9Ol","result":"/tmp/browser-bridge-test-JCM9Ol/.vscode-rotator/prompt-library.json","stack":"at promptLibraryPath (/home/pawan/vscodeagent/Solution/src/browser-bridge.js:224:10)"}
{"ts":"2026-06-16T21:43:05.660Z","level":"info","module":"browser-bridge","msg":"browser.rotatorPath.resolve","process.env.HOME":"/tmp/browser-bridge-test-AdJSNf","os.homedir()":"/tmp/browser-bridge-test-AdJSNf","resolved":"/tmp/browser-bridge-test-AdJSNf","result":"/tmp/browser-bridge-test-AdJSNf/.vscode-rotator/prompt-library.json","stack":"at promptLibraryPath (/home/pawan/vscodeagent/Solution/src/browser-bridge.js:224:10)"}
{"ts":"2026-06-16T21:43:05.660Z","level":"info","module":"browser-bridge","msg":"browser.rotatorPath.resolve","process.env.HOME":"/tmp/browser-bridge-test-AdJSNf","os.homedir()":"/tmp/browser-bridge-test-AdJSNf","resolved":"/tmp/browser-bridge-test-AdJSNf","result":"/tmp/browser-bridge-test-AdJSNf/.vscode-rotator/prompt-library.json","stack":"at promptLibraryPath (/home/pawan/vscodeagent/Solution/src/browser-bridge.js:224:10)"}
{"ts":"2026-06-16T21:43:05.661Z","level":"info","module":"browser-bridge","msg":"browser.rotatorPath.resolve","process.env.HOME":"/tmp/browser-bridge-test-AdJSNf","os.homedir()":"/tmp/browser-bridge-test-AdJSNf","resolved":"/tmp/browser-bridge-test-AdJSNf","result":"/tmp/browser-bridge-test-AdJSNf/.vscode-rotator/prompt-library.json","stack":"at promptLibraryPath (/home/pawan/vscodeagent/Solution/src/browser-bridge.js:224:10)"}
{"ts":"2026-06-16T21:43:05.663Z","level":"info","module":"browser-bridge","msg":"browser.rotatorPath.resolve","process.env.HOME":"/tmp/browser-bridge-test-iEERXr","os.homedir()":"/tmp/browser-bridge-test-iEERXr","resolved":"/tmp/browser-bridge-test-iEERXr","result":"/tmp/browser-bridge-test-iEERXr/.vscode-rotator/prompt-library.json","stack":"at promptLibraryPath (/home/pawan/vscodeagent/Solution/src/browser-bridge.js:224:10)"}
{"ts":"2026-06-16T21:43:05.663Z","level":"info","module":"watcher","msg":"watcher.started","interval":10}
{"ts":"2026-06-16T21:43:05.663Z","level":"info","module":"browser-bridge","msg":"browser.rotatorPath.resolve","process.env.HOME":"/tmp/browser-bridge-test-iEERXr","os.homedir()":"/tmp/browser-bridge-test-iEERXr","resolved":"/tmp/browser-bridge-test-iEERXr","result":"/tmp/browser-bridge-test-iEERXr/.vscode-rotator/prompt-library.json","stack":"at promptLibraryPath (/home/pawan/vscodeagent/Solution/src/browser-bridge.js:224:10)"}
{"ts":"2026-06-16T21:44:05.663Z","level":"info","module":"watcher","msg":"watcher.stopped"}
{"ts":"2026-06-16T21:43:05.665Z","level":"info","module":"browser-bridge","msg":"browser.rotatorPath.resolve","process.env.HOME":"/tmp/browser-bridge-test-3oMRcD","os.homedir()":"/tmp/browser-bridge-test-3oMRcD","resolved":"/tmp/browser-bridge-test-3oMRcD","result":"/tmp/browser-bridge-test-3oMRcD/.vscode-rotator/prompt-library.json","stack":"at promptLibraryPath (/home/pawan/vscodeagent/Solution/src/browser-bridge.js:224:10)"}
{"ts":"2026-06-16T21:43:05.669Z","level":"info","module":"browser-bridge","msg":"browser.rotatorPath.resolve","process.env.HOME":"/tmp/browser-bridge-test-mcBTPV","os.homedir()":"/tmp/browser-bridge-test-mcBTPV","resolved":"/tmp/browser-bridge-test-mcBTPV","result":"/tmp/browser-bridge-test-mcBTPV/.vscode-rotator/prompt-library.json","stack":"at promptLibraryPath (/home/pawan/vscodeagent/Solution/src/browser-bridge.js:224:10)"}
{"ts":"2026-06-16T21:43:05.668Z","level":"info","module":"watcher","msg":"watcher.started","interval":10}
{"ts":"2026-06-16T21:43:05.677Z","level":"info","module":"browser-bridge","msg":"browser.rotatorPath.resolve","process.env.HOME":"/tmp/browser-bridge-test-3b2FXJ","os.homedir()":"/tmp/browser-bridge-test-3b2FXJ","resolved":"/tmp/browser-bridge-test-3b2FXJ","result":"/tmp/browser-bridge-test-3b2FXJ/.vscode-rotator/prompt-library.json","stack":"at promptLibraryPath (/home/pawan/vscodeagent/Solution/src/browser-bridge.js:224:10)"}
{"ts":"2026-06-16T21:43:05.681Z","level":"info","module":"browser-bridge","msg":"browser.rotatorPath.resolve","process.env.HOME":"/tmp/browser-bridge-test-LNMoc7","os.homedir()":"/tmp/browser-bridge-test-LNMoc7","resolved":"/tmp/browser-bridge-test-LNMoc7","result":"/tmp/browser-bridge-test-LNMoc7/.vscode-rotator/browser-selectors.json","stack":"at browserSelectorsPath (/home/pawan/vscodeagent/Solution/src/browser-bridge.js:220:10)"}
{"ts":"2026-06-16T21:43:05.681Z","level":"warn","module":"browser-bridge","msg":"browser.threadSelectors.default","correlationId":"chatgpt","platform":"chatgpt","reason":"thread selectors missing"}
{"ts":"2026-06-16T21:44:05.668Z","level":"info","module":"watcher","msg":"watcher.stopped"}
{"ts":"2026-06-16T21:43:05.677Z","level":"info","module":"watcher","msg":"rotation.start","correlationId":"a1","action":"cooldown","reason":"expired"}
{"ts":"2026-06-16T21:43:05.684Z","level":"info","module":"watcher","msg":"rotation.success","correlationId":"a1","action":"switch","targetAccountId":"a2","reason":"expired"}
{"ts":"2026-06-16T21:43:05.685Z","level":"info","module":"watcher","msg":"watcher.started","interval":1}
{"ts":"2026-06-16T21:43:05.685Z","level":"info","module":"browser-bridge","msg":"browser.rotatorPath.resolve","process.env.HOME":"/tmp/browser-bridge-test-LNMoc7","os.homedir()":"/tmp/browser-bridge-test-LNMoc7","resolved":"/tmp/browser-bridge-test-LNMoc7","result":"/tmp/browser-bridge-test-LNMoc7/.vscode-rotator/browser-profiles","stack":"at browserProfilesDir (/home/pawan/vscodeagent/Solution/src/browser-bridge.js:63:10)"}
{"ts":"2026-06-16T21:43:05.688Z","level":"info","module":"watcher","msg":"rotation.start","correlationId":"a1","action":"cooldown","reason":"expired"}
{"ts":"2026-06-16T21:43:05.685Z","level":"info","module":"watcher","msg":"watcher.started","interval":10}
{"ts":"2026-06-16T21:43:05.690Z","level":"info","module":"watcher","msg":"watcher.stopped"}
{"ts":"2026-06-16T21:45:05.685Z","level":"info","module":"watcher","msg":"watcher.stopped"}
{"ts":"2026-06-16T21:43:05.695Z","level":"info","module":"watcher","msg":"rotation.success","correlationId":"a1","action":"switch","targetAccountId":"a2","reason":"expired"}
{"ts":"2026-06-16T21:43:05.704Z","level":"info","module":"watcher","msg":"watcher.started","interval":10}
{"ts":"2026-06-16T21:43:05.704Z","level":"info","module":"watcher","msg":"watcher.stopped"}
{"ts":"2026-06-16T21:43:05.754Z","level":"info","module":"local-llm","msg":"llm.staged.ingest.start","correlationId":"/tmp/local-llm-test-cCuPKW/empty-signals","stageRoot":"/tmp/local-llm-test-cCuPKW/empty-signals","baseDir":"/tmp/local-llm-test-cCuPKW"}
{"ts":"2026-06-16T21:43:05.756Z","level":"info","module":"browser-bridge","msg":"browser.rotatorPath.resolve","process.env.HOME":"/tmp/browser-bridge-test-cPZvW4","os.homedir()":"/tmp/browser-bridge-test-cPZvW4","resolved":"/tmp/browser-bridge-test-cPZvW4","result":"/tmp/browser-bridge-test-cPZvW4/.vscode-rotator/browser-profiles","stack":"at browserProfilesDir (/home/pawan/vscodeagent/Solution/src/browser-bridge.js:63:10)"}
{"ts":"2026-06-16T21:43:05.757Z","level":"info","module":"local-llm","msg":"llm.staged.ingest.success","correlationId":"/tmp/local-llm-test-cCuPKW/empty-signals","files":0,"results":0,"chunks":0,"skipped":0}
{"ts":"2026-06-16T21:43:05.760Z","level":"info","module":"local-llm","msg":"llm.staged.ingest.start","correlationId":"/tmp/local-llm-test-pNqa2A/vscode-signals","stageRoot":"/tmp/local-llm-test-pNqa2A/vscode-signals","baseDir":"/tmp/local-llm-test-pNqa2A"}
{"ts":"2026-06-16T21:43:05.765Z","level":"info","module":"local-llm","msg":"llm.staged.ingest.success","correlationId":"/tmp/local-llm-test-pNqa2A/vscode-signals","files":1,"results":2,"chunks":2,"skipped":0}
{"ts":"2026-06-16T21:43:05.766Z","level":"info","module":"browser-bridge","msg":"browser.rotatorPath.resolve","process.env.HOME":"/tmp/browser-bridge-test-cPZvW4","os.homedir()":"/tmp/browser-bridge-test-cPZvW4","resolved":"/tmp/browser-bridge-test-cPZvW4","result":"/tmp/browser-bridge-test-cPZvW4/.vscode-rotator/browser-responses","stack":"at browserResponsesDir (/home/pawan/vscodeagent/Solution/src/browser-bridge.js:67:10)"}
{"ts":"2026-06-16T21:43:05.770Z","level":"info","module":"local-llm","msg":"llm.staged.ingest.start","correlationId":"/tmp/local-llm-test-Cf93wS/vscode-signals","stageRoot":"/tmp/local-llm-test-Cf93wS/vscode-signals","baseDir":"/tmp/local-llm-test-Cf93wS"}
{"ts":"2026-06-16T21:43:05.773Z","level":"info","module":"local-llm","msg":"llm.staged.ingest.success","correlationId":"/tmp/local-llm-test-Cf93wS/vscode-signals","files":1,"results":1,"chunks":0,"skipped":1}
{"ts":"2026-06-16T21:43:05.776Z","level":"info","module":"local-llm","msg":"llm.staged.ingest.start","correlationId":"/tmp/local-llm-test-tvYJ6t/vscode-signals","stageRoot":"/tmp/local-llm-test-tvYJ6t/vscode-signals","baseDir":"/tmp/local-llm-test-tvYJ6t"}
{"ts":"2026-06-16T21:43:05.777Z","level":"info","module":"browser-bridge","msg":"browser.rotatorPath.resolve","process.env.HOME":"/tmp/browser-bridge-test-WZM9x2","os.homedir()":"/tmp/browser-bridge-test-WZM9x2","resolved":"/tmp/browser-bridge-test-WZM9x2","result":"/tmp/browser-bridge-test-WZM9x2/.vscode-rotator/browser-profiles","stack":"at browserProfilesDir (/home/pawan/vscodeagent/Solution/src/browser-bridge.js:63:10)"}
{"ts":"2026-06-16T21:43:05.778Z","level":"info","module":"browser-bridge","msg":"browser.rotatorPath.resolve","process.env.HOME":"/tmp/browser-bridge-test-WZM9x2","os.homedir()":"/tmp/browser-bridge-test-WZM9x2","resolved":"/tmp/browser-bridge-test-WZM9x2","result":"/tmp/browser-bridge-test-WZM9x2/.vscode-rotator/browser-responses","stack":"at browserResponsesDir (/home/pawan/vscodeagent/Solution/src/browser-bridge.js:67:10)"}
{"ts":"2026-06-16T21:43:05.779Z","level":"info","module":"browser-bridge","msg":"browser.rotatorPath.resolve","process.env.HOME":"/tmp/browser-bridge-test-WZM9x2","os.homedir()":"/tmp/browser-bridge-test-WZM9x2","resolved":"/tmp/browser-bridge-test-WZM9x2","result":"/tmp/browser-bridge-test-WZM9x2/.vscode-rotator/browser-selectors.json","stack":"at browserSelectorsPath (/home/pawan/vscodeagent/Solution/src/browser-bridge.js:220:10)"}
{"ts":"2026-06-16T21:43:05.779Z","level":"warn","module":"browser-bridge","msg":"browser.threadSelectors.default","correlationId":"chatgpt","platform":"chatgpt","reason":"thread selectors missing"}
{"ts":"2026-06-16T21:43:05.780Z","level":"info","module":"local-llm","msg":"llm.staged.ingest.success","correlationId":"/tmp/local-llm-test-tvYJ6t/vscode-signals","files":1,"results":1,"chunks":1,"skipped":0}
{"ts":"2026-06-16T21:43:05.781Z","level":"info","module":"browser-bridge","msg":"browser.rotatorPath.resolve","process.env.HOME":"/tmp/browser-bridge-test-WZM9x2","os.homedir()":"/tmp/browser-bridge-test-WZM9x2","resolved":"/tmp/browser-bridge-test-WZM9x2","result":"/tmp/browser-bridge-test-WZM9x2/.vscode-rotator/browser-profiles","stack":"at browserProfilesDir (/home/pawan/vscodeagent/Solution/src/browser-bridge.js:63:10)"}
{"ts":"2026-06-16T21:43:05.784Z","level":"info","module":"local-llm","msg":"llm.staged.ingest.start","correlationId":"/tmp/local-llm-test-wVSmwK/vscode-signals","stageRoot":"/tmp/local-llm-test-wVSmwK/vscode-signals","baseDir":"/tmp/local-llm-test-wVSmwK"}
{"ts":"2026-06-16T21:43:05.787Z","level":"info","module":"local-llm","msg":"llm.staged.ingest.success","correlationId":"/tmp/local-llm-test-wVSmwK/vscode-signals","files":1,"results":1,"chunks":1,"skipped":0}
{"ts":"2026-06-16T21:43:05.792Z","level":"info","module":"local-llm","msg":"llm.staged.ingest.start","correlationId":"/tmp/local-llm-test-pMOFrv/vscode-signals","stageRoot":"/tmp/local-llm-test-pMOFrv/vscode-signals","baseDir":"/tmp/local-llm-test-pMOFrv"}
{"ts":"2026-06-16T21:43:05.795Z","level":"info","module":"local-llm","msg":"llm.staged.ingest.success","correlationId":"/tmp/local-llm-test-pMOFrv/vscode-signals","files":1,"results":1,"chunks":1,"skipped":0}
{"ts":"2026-06-16T21:43:05.799Z","level":"info","module":"local-llm","msg":"llm.staged.ingest.start","correlationId":"/tmp/local-llm-test-Aar6BS/vscode-signals","stageRoot":"/tmp/local-llm-test-Aar6BS/vscode-signals","baseDir":"/tmp/local-llm-test-Aar6BS"}
{"ts":"2026-06-16T21:43:05.815Z","level":"info","module":"local-llm","msg":"llm.staged.ingest.success","correlationId":"/tmp/local-llm-test-Aar6BS/vscode-signals","files":1,"results":1,"chunks":1,"skipped":0}
{"ts":"2026-06-16T21:43:05.819Z","level":"info","module":"local-llm","msg":"llm.staged.ingest.start","correlationId":"/tmp/local-llm-test-0442kF/vscode-signals","stageRoot":"/tmp/local-llm-test-0442kF/vscode-signals","baseDir":"/tmp/local-llm-test-0442kF"}
{"ts":"2026-06-16T21:43:05.823Z","level":"info","module":"local-llm","msg":"llm.staged.ingest.success","correlationId":"/tmp/local-llm-test-0442kF/vscode-signals","files":1,"results":1,"chunks":1,"skipped":0}
{"ts":"2026-06-16T21:43:05.826Z","level":"info","module":"local-llm","msg":"llm.staged.ingest.start","correlationId":"/tmp/local-llm-test-w7EDqv/vscode-signals","stageRoot":"/tmp/local-llm-test-w7EDqv/vscode-signals","baseDir":"/tmp/local-llm-test-w7EDqv"}
{"ts":"2026-06-16T21:43:05.829Z","level":"info","module":"local-llm","msg":"llm.staged.ingest.success","correlationId":"/tmp/local-llm-test-w7EDqv/vscode-signals","files":1,"results":1,"chunks":1,"skipped":0}
{"ts":"2026-06-16T21:43:05.833Z","level":"info","module":"browser-bridge","msg":"browser.rotatorPath.resolve","process.env.HOME":"/tmp/browser-bridge-test-kZuFwQ","os.homedir()":"/tmp/browser-bridge-test-kZuFwQ","resolved":"/tmp/browser-bridge-test-kZuFwQ","result":"/tmp/browser-bridge-test-kZuFwQ/.vscode-rotator/browser-profiles","stack":"at browserProfilesDir (/home/pawan/vscodeagent/Solution/src/browser-bridge.js:63:10)"}
{"ts":"2026-06-16T21:43:05.833Z","level":"info","module":"browser-bridge","msg":"browser.rotatorPath.resolve","process.env.HOME":"/tmp/browser-bridge-test-kZuFwQ","os.homedir()":"/tmp/browser-bridge-test-kZuFwQ","resolved":"/tmp/browser-bridge-test-kZuFwQ","result":"/tmp/browser-bridge-test-kZuFwQ/.vscode-rotator/browser-responses","stack":"at browserResponsesDir (/home/pawan/vscodeagent/Solution/src/browser-bridge.js:67:10)"}
{"ts":"2026-06-16T21:43:05.834Z","level":"info","module":"local-llm","msg":"llm.staged.ingest.start","correlationId":"/tmp/local-llm-test-b33Mln/vscode-signals","stageRoot":"/tmp/local-llm-test-b33Mln/vscode-signals","baseDir":"/tmp/local-llm-test-b33Mln"}
{"ts":"2026-06-16T21:43:05.843Z","level":"info","module":"local-llm","msg":"llm.staged.ingest.success","correlationId":"/tmp/local-llm-test-b33Mln/vscode-signals","files":1,"results":4,"chunks":4,"skipped":0}
{"ts":"2026-06-16T21:43:05.856Z","level":"info","module":"local-llm","msg":"llm.staged.ingest.start","correlationId":"/tmp/local-llm-test-Dc5Z0U/vscode-signals","stageRoot":"/tmp/local-llm-test-Dc5Z0U/vscode-signals","baseDir":"/tmp/local-llm-test-Dc5Z0U"}
{"ts":"2026-06-16T21:43:05.859Z","level":"info","module":"local-llm","msg":"llm.staged.ingest.success","correlationId":"/tmp/local-llm-test-Dc5Z0U/vscode-signals","files":1,"results":3,"chunks":2,"skipped":1}
{"ts":"2026-06-16T21:43:05.862Z","level":"info","module":"local-llm","msg":"llm.staged.ingest.start","correlationId":"/tmp/local-llm-test-NJVoJE/vscode-signals","stageRoot":"/tmp/local-llm-test-NJVoJE/vscode-signals","baseDir":"/tmp/local-llm-test-NJVoJE"}
{"ts":"2026-06-16T21:43:05.864Z","level":"info","module":"local-llm","msg":"llm.staged.ingest.success","correlationId":"/tmp/local-llm-test-NJVoJE/vscode-signals","files":1,"results":2,"chunks":1,"skipped":1}
{"ts":"2026-06-16T21:43:05.867Z","level":"info","module":"local-llm","msg":"llm.staged.ingest.start","correlationId":"/tmp/local-llm-test-zbBzwY/vscode-signals","stageRoot":"/tmp/local-llm-test-zbBzwY/vscode-signals","baseDir":"/tmp/local-llm-test-zbBzwY"}
{"ts":"2026-06-16T21:43:05.870Z","level":"info","module":"local-llm","msg":"llm.staged.ingest.success","correlationId":"/tmp/local-llm-test-zbBzwY/vscode-signals","files":1,"results":1,"chunks":1,"skipped":0}
{"ts":"2026-06-16T21:43:05.873Z","level":"info","module":"local-llm","msg":"llm.staged.ingest.start","correlationId":"/tmp/local-llm-test-fB3N2V/empty-file-signals","stageRoot":"/tmp/local-llm-test-fB3N2V/empty-file-signals","baseDir":"/tmp/local-llm-test-fB3N2V"}
{"ts":"2026-06-16T21:43:05.876Z","level":"info","module":"local-llm","msg":"llm.staged.ingest.success","correlationId":"/tmp/local-llm-test-fB3N2V/empty-file-signals","files":1,"results":0,"chunks":0,"skipped":0}
{"ts":"2026-06-16T21:43:05.879Z","level":"info","module":"local-llm","msg":"llm.staged.ingest.start","correlationId":"/tmp/local-llm-test-DDOhmg/vscode-signals","stageRoot":"/tmp/local-llm-test-DDOhmg/vscode-signals","baseDir":"/tmp/local-llm-test-DDOhmg"}
{"ts":"2026-06-16T21:43:05.882Z","level":"info","module":"local-llm","msg":"llm.staged.ingest.success","correlationId":"/tmp/local-llm-test-DDOhmg/vscode-signals","files":1,"results":1,"chunks":1,"skipped":0}
{"ts":"2026-06-16T21:43:06.138Z","level":"info","module":"handoff","msg":"handoff.create.start","correlationId":"02b29451-7e83-48ec-afa3-6d2ba9331e85","agent":"chatgpt","status":"active"}
{"ts":"2026-06-16T21:43:06.148Z","level":"info","module":"handoff","msg":"handoff.create.success","correlationId":"02b29451-7e83-48ec-afa3-6d2ba9331e85","status":"active"}
{"ts":"2026-06-16T21:43:06.156Z","level":"info","module":"handoff","msg":"handoff.create.start","correlationId":"c75a7e83-0fe5-4c32-aa39-0d514c716d86","agent":"claude","status":"active"}
{"ts":"2026-06-16T21:43:06.158Z","level":"info","module":"handoff","msg":"handoff.create.success","correlationId":"c75a7e83-0fe5-4c32-aa39-0d514c716d86","status":"active"}
{"ts":"2026-06-16T21:43:06.176Z","level":"info","module":"handoff","msg":"handoff.create.start","correlationId":"1cad8280-0962-4e1c-bcab-180256a589cb","agent":"gemini","status":"active"}
{"ts":"2026-06-16T21:43:06.178Z","level":"info","module":"handoff","msg":"handoff.create.success","correlationId":"1cad8280-0962-4e1c-bcab-180256a589cb","status":"active"}
{"ts":"2026-06-16T21:43:06.179Z","level":"info","module":"handoff","msg":"handoff.task.add.start","correlationId":"1cad8280-0962-4e1c-bcab-180256a589cb","priority":1}
{"ts":"2026-06-16T21:43:06.181Z","level":"info","module":"handoff","msg":"handoff.task.add.success","correlationId":"1cad8280-0962-4e1c-bcab-180256a589cb","taskId":"acef0324-4d3c-472d-a334-0209ded616c2","pendingTasks":1}
{"ts":"2026-06-16T21:43:06.182Z","level":"info","module":"handoff","msg":"handoff.task.complete.start","correlationId":"1cad8280-0962-4e1c-bcab-180256a589cb","taskId":"acef0324-4d3c-472d-a334-0209ded616c2"}
{"ts":"2026-06-16T21:43:06.183Z","level":"info","module":"handoff","msg":"handoff.task.complete.success","correlationId":"1cad8280-0962-4e1c-bcab-180256a589cb","taskId":"acef0324-4d3c-472d-a334-0209ded616c2","completedTasks":1}
{"ts":"2026-06-16T21:43:06.184Z","level":"info","module":"handoff","msg":"handoff.blocker.add.start","correlationId":"1cad8280-0962-4e1c-bcab-180256a589cb"}
{"ts":"2026-06-16T21:43:06.190Z","level":"info","module":"handoff","msg":"handoff.blocker.add.success","correlationId":"1cad8280-0962-4e1c-bcab-180256a589cb","blockers":1}
{"ts":"2026-06-16T21:43:06.190Z","level":"info","module":"handoff","msg":"handoff.close.start","correlationId":"1cad8280-0962-4e1c-bcab-180256a589cb","status":"paused"}
{"ts":"2026-06-16T21:43:06.196Z","level":"info","module":"handoff","msg":"handoff.close.success","correlationId":"1cad8280-0962-4e1c-bcab-180256a589cb","status":"paused"}
{"ts":"2026-06-16T21:43:06.198Z","level":"info","module":"handoff","msg":"handoff.create.start","correlationId":"411ce851-5a71-4d6f-8871-be948ea5ad03","agent":"gemini","status":"active"}
{"ts":"2026-06-16T21:43:06.208Z","level":"info","module":"handoff","msg":"handoff.create.success","correlationId":"411ce851-5a71-4d6f-8871-be948ea5ad03","status":"active"}
{"ts":"2026-06-16T21:43:06.208Z","level":"info","module":"handoff","msg":"handoff.close.start","correlationId":"411ce851-5a71-4d6f-8871-be948ea5ad03","status":"complete"}
{"ts":"2026-06-16T21:43:06.213Z","level":"info","module":"handoff","msg":"handoff.close.success","correlationId":"411ce851-5a71-4d6f-8871-be948ea5ad03","status":"complete"}
{"ts":"2026-06-16T21:43:06.403Z","level":"info","module":"watcher","msg":"watcher.started","interval":10}
{"ts":"2026-06-16T21:44:06.403Z","level":"info","module":"watcher","msg":"watcher.stopped"}
{"ts":"2026-06-16T21:43:06.444Z","level":"info","module":"watcher","msg":"watcher.started","interval":10}
{"ts":"2026-06-16T21:43:06.454Z","level":"info","module":"watcher","msg":"watcher.stopped"}
{"ts":"2026-06-16T21:43:06.554Z","level":"info","module":"browser-bridge","msg":"browser.rotatorPath.resolve","process.env.HOME":"/tmp/strategic-learning-unified-theatre-e2e-Pofl2z","os.homedir()":"/tmp/strategic-learning-unified-theatre-e2e-Pofl2z","resolved":"/tmp/strategic-learning-unified-theatre-e2e-Pofl2z","result":"/tmp/strategic-learning-unified-theatre-e2e-Pofl2z/.vscode-rotator/browser-responses","stack":"at browserResponsesDir (/home/pawan/vscodeagent/Solution/src/browser-bridge.js:67:10)"}

 Test Files  56 failed | 79 passed (135)
      Tests  586 passed (586)
   Start at  03:13:01
   Duration  6.42s (transform 5.58s, setup 7.91s, import 8.26s, tests 11.66s, environment 75.59s)

