
[1m[30m[46m RUN [49m[39m[22m [36mv4.1.7 [39m[90mC:/SW Development/VS Code Agent/Solution[39m

 [32mÔ£ô[39m tests/startup-bootstrap.test.js [2m([22m[2m2 tests[22m[2m)[22m[32m 6[2mms[22m[39m

[2m Test Files [22m [1m[32m1 passed[39m[22m[90m (1)[39m
[2m      Tests [22m [1m[32m2 passed[39m[22m[90m (2)[39m
[2m   Start at [22m 09:57:04
[2m   Duration [22m 2.54s[2m (transform 53ms, setup 0ms, import 97ms, tests 6ms, environment 2.03s)[22m

